// Jest Snapshot v1, https://goo.gl/fbAQLP

exports[`renders correctly 1`] = `
<View
  style={
    Object {
      "backgroundColor": "#fff",
      "flex": 1,
    }
  }
>
  <View
    style={
      Object {
        "flex": 1,
        "justifyContent": "center",
        "marginTop": "3%",
      }
    }
  >
    <View
      style={
        Object {
          "height": "100%",
          "marginHorizontal": "3%",
          "width": "94%",
        }
      }
    >
      <View
        onLayout={[Function]}
        style={
          Object {
            "height": "100%",
          }
        }
      />
    </View>
    <View
      style={
        Object {
          "alignItems": "center",
          "flexDirection": "column-reverse",
          "height": "90%",
          "position": "absolute",
          "width": "100%",
          "zIndex": 1,
        }
      }
    >
      <View
        style={
          Object {
            "alignItems": "center",
            "height": "40%",
            "justifyContent": "center",
            "marginBottom": "3%",
            "width": "100%",
          }
        }
      >
        <Text
          accessible={true}
          allowFontScaling={true}
          ellipsizeMode="tail"
          style={
            Object {
              "fontSize": undefined,
              "fontWeight": "400",
            }
          }
        >
             
          100 /
        </Text>
        <TextInput
          allowFontScaling={true}
          onSubmitEditing={[Function]}
          placeholder="1000"
          style={
            Object {
              "fontSize": undefined,
              "fontWeight": "400",
            }
          }
        />
      </View>
      <View
        style={
          Object {
            "flexDirection": "row",
            "height": "45%",
            "justifyContent": "center",
            "width": "100%",
          }
        }
      >
        <Text
          accessible={true}
          allowFontScaling={true}
          ellipsizeMode="tail"
        />
        <Text
          accessible={true}
          allowFontScaling={true}
          ellipsizeMode="tail"
        />
      </View>
    </View>
  </View>
  <View
    accessible={true}
    isTVSelectable={true}
    onResponderGrant={[Function]}
    onResponderMove={[Function]}
    onResponderRelease={[Function]}
    onResponderTerminate={[Function]}
    onResponderTerminationRequest={[Function]}
    onStartShouldSetResponder={[Function]}
    style={
      Object {
        "borderBottomColor": "black",
        "borderBottomWidth": 0.5,
        "flex": 1,
        "flexDirection": "column",
        "justifyContent": "center",
        "opacity": 1,
      }
    }
  >
    <Text
      accessible={true}
      allowFontScaling={true}
      ellipsizeMode="tail"
      style={
        Array [
          Object {
            "backgroundColor": "white",
            "margin": 3,
            "shadowColor": "#000",
            "shadowOffset": Object {
              "height": 1,
              "width": 2,
            },
            "shadowOpacity": 0.8,
            "shadowRadius": 4,
            "textAlign": "center",
          },
          Object {
            "fontSize": 35,
            "textAlign": "center",
          },
          Object {},
        ]
      }
    >
      
    </Text>
  </View>
</View>
`;
